Requesting Ch1 Fader...
Requesting Ch1 EQ High Gain...
